aasqs
